  Package Version
1      ps   1.6.0
2      R6   2.5.0
