   Package Version
1  askpass     1.1
2 ellipsis   0.3.2
3  openssl   1.4.4
4       R6   2.4.1
5    rlang  0.4.11
6      sys     3.4
