   Package Version
1   digest  0.6.27
2 ellipsis   0.3.2
3       R6   2.5.0
4    rlang  0.4.11
5    RUnit  0.4.32
6     yaml   2.2.1
