   Package Version
1   digest  0.6.25
2 ellipsis   0.3.1
3       R6   2.4.1
4    rlang   0.4.7
5    RUnit  0.4.32
6     yaml   2.2.1
