     Package Version
1 assertthat   0.2.1
2        cli   1.1.0
3     crayon   1.3.4
4      fansi   0.4.0
5     pillar   1.3.1
6         R6   2.4.0
7      rlang   0.3.4
8       utf8   1.1.4
