   Package Version
1 ellipsis   0.3.1
2    rlang  0.4.10
