Version: 1
# top level packages
Packages:
  - R6
  - crayon

# any repositories, order matters
Repos:
  - CRAN: "https://cran.rstudio.com"

Library: "test-library"
