     Package Version
1        cli   2.5.0
2     crayon   1.4.1
3   ellipsis   0.3.2
4      fansi   0.5.0
5       glue   1.4.2
6  lifecycle   1.0.0
7   magrittr   2.0.1
8     pillar   1.6.1
9      purrr   0.3.4
10        R6   2.5.0
11     rlang  0.4.11
12      utf8   1.2.1
13     vctrs   0.3.8
