     Package Version
1        cli   2.5.0
2     crayon   1.4.1
3     digest  0.6.27
4   ellipsis   0.3.2
5      fansi   0.5.0
6       glue   1.4.2
7  lifecycle   1.0.0
8     pillar   1.6.1
9         R6   2.5.0
10     rlang  0.4.11
11      utf8   1.2.1
12     vctrs   0.3.8
