  Package Version
1   RUnit  0.4.32
2    yaml   2.2.1
